[2022/06/01 14:47:05](ERROR) filename=script.py(13): ログを出力しました。
[2022/06/01 14:56:46](ERROR) filename=script.py(14): ログを出力しました。
[2022/06/01 15:28:21](ERROR) filename=script.py(14): ログを出力しました。
[2022/06/01 15:40:22](ERROR) filename=script.py(14): ログを出力しました。
[2022/06/01 15:43:01](ERROR) filename=script.py(14): ログを出力しました。
[2022/06/01 15:44:01](ERROR) filename=script.py(14): ログを出力しました。
[2022/06/01 15:45:01](ERROR) filename=script.py(14): ログを出力しました。
[2022/06/01 15:46:01](ERROR) filename=script.py(14): ログを出力しました。
[2022/06/01 15:47:00](ERROR) filename=script.py(14): ログを出力しました。
[2022/06/01 15:48:01](ERROR) filename=script.py(14): ログを出力しました。
[2022/06/01 15:49:01](ERROR) filename=script.py(14): ログを出力しました。
[2022/06/01 15:50:01](ERROR) filename=script.py(14): ログを出力しました。
[2022/06/01 15:51:00](ERROR) filename=script.py(14): ログを出力しました。
[2022/06/01 15:52:01](ERROR) filename=script.py(14): ログを出力しました。
[2022/06/01 15:53:01](ERROR) filename=script.py(14): ログを出力しました。
[2022/06/01 15:54:01](ERROR) filename=script.py(14): ログを出力しました。
[2022/06/01 15:55:00](ERROR) filename=script.py(14): ログを出力しました。
[2022/06/01 15:56:01](ERROR) filename=script.py(14): ログを出力しました。
[2022/06/01 15:57:00](ERROR) filename=script.py(14): ログを出力しました。
[2022/06/01 15:58:01](ERROR) filename=script.py(14): ログを出力しました。
[2022/06/01 16:03:39](ERROR) filename=script.py(14): ログを出力しました。
[2022/06/01 16:04:01](ERROR) filename=script.py(14): ログを出力しました。
[2022/06/01 16:05:01](ERROR) filename=script.py(14): ログを出力しました。
